// Jest Snapshot v1, https://goo.gl/fbAQLP

exports[`coincide con el snapshot de WeatherIcon 1`] = `
<div
  style={
    Object {
      "color": "#7754F8",
      "fontSize": "16px",
    }
  }
>
  <i
    className="wi wi-night-clear wi-fw"
  />
</div>
`;
